// Jest Snapshot v1, https://goo.gl/fbAQLP

exports[`App test Testing App component 1`] = `
<div>
  <div>
    <div>
      <img
        alt="logo"
        height="40"
        src="logo.svg"
      />
      <h1>
        COVID VISUALIZER
      </h1>
    </div>
    <div>
      <a
        aria-current="page"
        className="active"
        href="/"
        onClick={[Function]}
      >
         Country
      </a>
    </div>
    <div>
      <div>
        Conf.
      </div>
    </div>
  </div>
  <hr />
  <div>
    <div>
      <input
        onChange={[Function]}
        placeholder="search"
        type="text"
      />
    </div>
  </div>
</div>
`;
