// Jest Snapshot v1, https://goo.gl/fbAQLP

exports[`Test for NavBar Should match to snapshot 1`] = `[Function]`;
